[2026-10-06 01:10:58] local.ERROR: Database file at path [/home/darkglitch/Documents/Televes/ShiftMate/database/database.sqlite] does not exist. Ensure this is an absolute path to the database. (Connection: sqlite, Database: /home/darkglitch/Documents/Televes/ShiftMate/database/database.sqlite, SQL: select * from "cache" where "key" in (laravel-cache-illuminate:queues:paused)) {"exception":"[object] (Illuminate\\Database\\QueryException(code: 0): Database file at path [/home/darkglitch/Documents/Televes/ShiftMate/database/database.sqlite] does not exist. Ensure this is an absolute path to the database. (Connection: sqlite, Database: /home/darkglitch/Documents/Televes/ShiftMate/database/database.sqlite, SQL: select * from \"cache\" where \"key\" in (laravel-cache-illuminate:queues:paused)) at /home/darkglitch/Documents/Televes/ShiftMate/vendor/laravel/framework/src/Illuminate/Database/Connection.php:857)
[stacktrace]
#0 /home/darkglitch/Documents/Televes/ShiftMate/vendor/laravel/framework/src/Illuminate/Database/Connection.php(813): Illuminate\\Database\\Connection->runQueryCallback()
#1 /home/darkglitch/Documents/Televes/ShiftMate/vendor/laravel/framework/src/Illuminate/Database/Connection.php(426): Illuminate\\Database\\Connection->run()
#2 /home/darkglitch/Documents/Televes/ShiftMate/vendor/laravel/framework/src/Illuminate/Database/Query/Builder.php(3636): Illuminate\\Database\\Connection->select()
#3 /home/darkglitch/Documents/Televes/ShiftMate/vendor/laravel/framework/src/Illuminate/Database/Query/Builder.php(3620): Illuminate\\Database\\Query\\Builder->runSelect()
#4 /home/darkglitch/Documents/Televes/ShiftMate/vendor/laravel/framework/src/Illuminate/Cache/DatabaseStore.php(142): Illuminate\\Database\\Query\\Builder->get()
#5 /home/darkglitch/Documents/Televes/ShiftMate/vendor/laravel/framework/src/Illuminate/Cache/DatabaseStore.php(117): Illuminate\\Cache\\DatabaseStore->many()
#6 /home/darkglitch/Documents/Televes/ShiftMate/vendor/laravel/framework/src/Illuminate/Cache/Repository.php(138): Illuminate\\Cache\\DatabaseStore->get()
#7 /home/darkglitch/Documents/Televes/ShiftMate/vendor/laravel/framework/src/Illuminate/Queue/QueueManager.php(359): Illuminate\\Cache\\Repository->get()
#8 /home/darkglitch/Documents/Televes/ShiftMate/vendor/laravel/framework/src/Illuminate/Queue/Worker.php(537): Illuminate\\Queue\\QueueManager->getPausedQueues()
#9 /home/darkglitch/Documents/Televes/ShiftMate/vendor/laravel/framework/src/Illuminate/Queue/Worker.php(494): Illuminate\\Queue\\Worker->getPausedQueues()
#10 /home/darkglitch/Documents/Televes/ShiftMate/vendor/laravel/framework/src/Illuminate/Queue/Worker.php(454): Illuminate\\Queue\\Worker->getNextJob()
#11 /home/darkglitch/Documents/Televes/ShiftMate/vendor/laravel/framework/src/Illuminate/Queue/Console/WorkCommand.php(152): Illuminate\\Queue\\Worker->runNextJob()
#12 /home/darkglitch/Documents/Televes/ShiftMate/vendor/laravel/framework/src/Illuminate/Queue/Console/WorkCommand.php(135): Illuminate\\Queue\\Console\\WorkCommand->runWorker()
#13 /home/darkglitch/Documents/Televes/ShiftMate/vendor/laravel/framework/src/Illuminate/Container/BoundMethod.php(36): Illuminate\\Queue\\Console\\WorkCommand->handle()
#14 /home/darkglitch/Documents/Televes/ShiftMate/vendor/laravel/framework/src/Illuminate/Container/Util.php(43): Illuminate\\Container\\BoundMethod::{closure:Illuminate\\Container\\BoundMethod::call():35}()
#15 /home/darkglitch/Documents/Televes/ShiftMate/vendor/laravel/framework/src/Illuminate/Container/BoundMethod.php(96): Illuminate\\Container\\Util::unwrapIfClosure()
#16 /home/darkglitch/Documents/Televes/ShiftMate/vendor/laravel/framework/src/Illuminate/Container/BoundMethod.php(35): Illuminate\\Container\\BoundMethod::callBoundMethod()
#17 /home/darkglitch/Documents/Televes/ShiftMate/vendor/laravel/framework/src/Illuminate/Container/Container.php(803): Illuminate\\Container\\BoundMethod::call()
#18 /home/darkglitch/Documents/Televes/ShiftMate/vendor/laravel/framework/src/Illuminate/Console/Command.php(292): Illuminate\\Container\\Container->call()
#19 /home/darkglitch/Documents/Televes/ShiftMate/vendor/symfony/console/Command/Command.php(285): Illuminate\\Console\\Command->execute()
#20 /home/darkglitch/Documents/Televes/ShiftMate/vendor/laravel/framework/src/Illuminate/Console/Command.php(261): Symfony\\Component\\Console\\Command\\Command->run()
#21 /home/darkglitch/Documents/Televes/ShiftMate/vendor/symfony/console/Application.php(1144): Illuminate\\Console\\Command->run()
#22 /home/darkglitch/Documents/Televes/ShiftMate/vendor/symfony/console/Application.php(379): Symfony\\Component\\Console\\Application->doRunCommand()
#23 /home/darkglitch/Documents/Televes/ShiftMate/vendor/symfony/console/Application.php(218): Symfony\\Component\\Console\\Application->doRun()
#24 /home/darkglitch/Documents/Televes/ShiftMate/vendor/laravel/framework/src/Illuminate/Foundation/Console/Kernel.php(198): Symfony\\Component\\Console\\Application->run()
#25 /home/darkglitch/Documents/Televes/ShiftMate/vendor/laravel/framework/src/Illuminate/Foundation/Application.php(1243): Illuminate\\Foundation\\Console\\Kernel->handle()
#26 /home/darkglitch/Documents/Televes/ShiftMate/artisan(16): Illuminate\\Foundation\\Application->handleCommand()
#27 {main}

[previous exception] [object] (Illuminate\\Database\\SQLiteDatabaseDoesNotExistException(code: 0): Database file at path [/home/darkglitch/Documents/Televes/ShiftMate/database/database.sqlite] does not exist. Ensure this is an absolute path to the database. at /home/darkglitch/Documents/Televes/ShiftMate/vendor/laravel/framework/src/Illuminate/Database/Connectors/SQLiteConnector.php:61)
[stacktrace]
#0 /home/darkglitch/Documents/Televes/ShiftMate/vendor/laravel/framework/src/Illuminate/Database/Connectors/SQLiteConnector.php(19): Illuminate\\Database\\Connectors\\SQLiteConnector->parseDatabasePath()
#1 /home/darkglitch/Documents/Televes/ShiftMate/vendor/laravel/framework/src/Illuminate/Database/Connectors/ConnectionFactory.php(259): Illuminate\\Database\\Connectors\\SQLiteConnector->connect()
#2 [internal function]: Illuminate\\Database\\Connectors\\ConnectionFactory->{closure:Illuminate\\Database\\Connectors\\ConnectionFactory::createPdoResolverWithoutHosts():259}()
#3 /home/darkglitch/Documents/Televes/ShiftMate/vendor/laravel/framework/src/Illuminate/Database/Connection.php(1298): call_user_func()
#4 /home/darkglitch/Documents/Televes/ShiftMate/vendor/laravel/framework/src/Illuminate/Database/Connection.php(1336): Illuminate\\Database\\Connection->getPdo()
#5 /home/darkglitch/Documents/Televes/ShiftMate/vendor/laravel/framework/src/Illuminate/Database/Connection.php(542): Illuminate\\Database\\Connection->getReadPdo()
#6 /home/darkglitch/Documents/Televes/ShiftMate/vendor/laravel/framework/src/Illuminate/Database/Connection.php(435): Illuminate\\Database\\Connection->getPdoForSelect()
#7 /home/darkglitch/Documents/Televes/ShiftMate/vendor/laravel/framework/src/Illuminate/Database/Connection.php(846): Illuminate\\Database\\Connection->{closure:Illuminate\\Database\\Connection::select():426}()
#8 /home/darkglitch/Documents/Televes/ShiftMate/vendor/laravel/framework/src/Illuminate/Database/Connection.php(813): Illuminate\\Database\\Connection->runQueryCallback()
#9 /home/darkglitch/Documents/Televes/ShiftMate/vendor/laravel/framework/src/Illuminate/Database/Connection.php(426): Illuminate\\Database\\Connection->run()
#10 /home/darkglitch/Documents/Televes/ShiftMate/vendor/laravel/framework/src/Illuminate/Database/Query/Builder.php(3636): Illuminate\\Database\\Connection->select()
#11 /home/darkglitch/Documents/Televes/ShiftMate/vendor/laravel/framework/src/Illuminate/Database/Query/Builder.php(3620): Illuminate\\Database\\Query\\Builder->runSelect()
#12 /home/darkglitch/Documents/Televes/ShiftMate/vendor/laravel/framework/src/Illuminate/Cache/DatabaseStore.php(142): Illuminate\\Database\\Query\\Builder->get()
#13 /home/darkglitch/Documents/Televes/ShiftMate/vendor/laravel/framework/src/Illuminate/Cache/DatabaseStore.php(117): Illuminate\\Cache\\DatabaseStore->many()
#14 /home/darkglitch/Documents/Televes/ShiftMate/vendor/laravel/framework/src/Illuminate/Cache/Repository.php(138): Illuminate\\Cache\\DatabaseStore->get()
#15 /home/darkglitch/Documents/Televes/ShiftMate/vendor/laravel/framework/src/Illuminate/Queue/QueueManager.php(359): Illuminate\\Cache\\Repository->get()
#16 /home/darkglitch/Documents/Televes/ShiftMate/vendor/laravel/framework/src/Illuminate/Queue/Worker.php(537): Illuminate\\Queue\\QueueManager->getPausedQueues()
#17 /home/darkglitch/Documents/Televes/ShiftMate/vendor/laravel/framework/src/Illuminate/Queue/Worker.php(494): Illuminate\\Queue\\Worker->getPausedQueues()
#18 /home/darkglitch/Documents/Televes/ShiftMate/vendor/laravel/framework/src/Illuminate/Queue/Worker.php(454): Illuminate\\Queue\\Worker->getNextJob()
#19 /home/darkglitch/Documents/Televes/ShiftMate/vendor/laravel/framework/src/Illuminate/Queue/Console/WorkCommand.php(152): Illuminate\\Queue\\Worker->runNextJob()
#20 /home/darkglitch/Documents/Televes/ShiftMate/vendor/laravel/framework/src/Illuminate/Queue/Console/WorkCommand.php(135): Illuminate\\Queue\\Console\\WorkCommand->runWorker()
#21 /home/darkglitch/Documents/Televes/ShiftMate/vendor/laravel/framework/src/Illuminate/Container/BoundMethod.php(36): Illuminate\\Queue\\Console\\WorkCommand->handle()
#22 /home/darkglitch/Documents/Televes/ShiftMate/vendor/laravel/framework/src/Illuminate/Container/Util.php(43): Illuminate\\Container\\BoundMethod::{closure:Illuminate\\Container\\BoundMethod::call():35}()
#23 /home/darkglitch/Documents/Televes/ShiftMate/vendor/laravel/framework/src/Illuminate/Container/BoundMethod.php(96): Illuminate\\Container\\Util::unwrapIfClosure()
#24 /home/darkglitch/Documents/Televes/ShiftMate/vendor/laravel/framework/src/Illuminate/Container/BoundMethod.php(35): Illuminate\\Container\\BoundMethod::callBoundMethod()
#25 /home/darkglitch/Documents/Televes/ShiftMate/vendor/laravel/framework/src/Illuminate/Container/Container.php(803): Illuminate\\Container\\BoundMethod::call()
#26 /home/darkglitch/Documents/Televes/ShiftMate/vendor/laravel/framework/src/Illuminate/Console/Command.php(292): Illuminate\\Container\\Container->call()
#27 /home/darkglitch/Documents/Televes/ShiftMate/vendor/symfony/console/Command/Command.php(285): Illuminate\\Console\\Command->execute()
#28 /home/darkglitch/Documents/Televes/ShiftMate/vendor/laravel/framework/src/Illuminate/Console/Command.php(261): Symfony\\Component\\Console\\Command\\Command->run()
#29 /home/darkglitch/Documents/Televes/ShiftMate/vendor/symfony/console/Application.php(1144): Illuminate\\Console\\Command->run()
#30 /home/darkglitch/Documents/Televes/ShiftMate/vendor/symfony/console/Application.php(379): Symfony\\Component\\Console\\Application->doRunCommand()
#31 /home/darkglitch/Documents/Televes/ShiftMate/vendor/symfony/console/Application.php(218): Symfony\\Component\\Console\\Application->doRun()
#32 /home/darkglitch/Documents/Televes/ShiftMate/vendor/laravel/framework/src/Illuminate/Foundation/Console/Kernel.php(198): Symfony\\Component\\Console\\Application->run()
#33 /home/darkglitch/Documents/Televes/ShiftMate/vendor/laravel/framework/src/Illuminate/Foundation/Application.php(1243): Illuminate\\Foundation\\Console\\Kernel->handle()
#34 /home/darkglitch/Documents/Televes/ShiftMate/artisan(16): Illuminate\\Foundation\\Application->handleCommand()
#35 {main}
"} 
[2026-10-06 01:11:02] local.ERROR: Database file at path [/home/darkglitch/Documents/Televes/ShiftMate/database/database.sqlite] does not exist. Ensure this is an absolute path to the database. (Connection: sqlite, Database: /home/darkglitch/Documents/Televes/ShiftMate/database/database.sqlite, SQL: select * from "cache" where "key" in (laravel-cache-illuminate:queues:paused)) {"exception":"[object] (Illuminate\\Database\\QueryException(code: 0): Database file at path [/home/darkglitch/Documents/Televes/ShiftMate/database/database.sqlite] does not exist. Ensure this is an absolute path to the database. (Connection: sqlite, Database: /home/darkglitch/Documents/Televes/ShiftMate/database/database.sqlite, SQL: select * from \"cache\" where \"key\" in (laravel-cache-illuminate:queues:paused)) at /home/darkglitch/Documents/Televes/ShiftMate/vendor/laravel/framework/src/Illuminate/Database/Connection.php:857)
[stacktrace]
#0 /home/darkglitch/Documents/Televes/ShiftMate/vendor/laravel/framework/src/Illuminate/Database/Connection.php(813): Illuminate\\Database\\Connection->runQueryCallback()
#1 /home/darkglitch/Documents/Televes/ShiftMate/vendor/laravel/framework/src/Illuminate/Database/Connection.php(426): Illuminate\\Database\\Connection->run()
#2 /home/darkglitch/Documents/Televes/ShiftMate/vendor/laravel/framework/src/Illuminate/Database/Query/Builder.php(3636): Illuminate\\Database\\Connection->select()
#3 /home/darkglitch/Documents/Televes/ShiftMate/vendor/laravel/framework/src/Illuminate/Database/Query/Builder.php(3620): Illuminate\\Database\\Query\\Builder->runSelect()
#4 /home/darkglitch/Documents/Televes/ShiftMate/vendor/laravel/framework/src/Illuminate/Cache/DatabaseStore.php(142): Illuminate\\Database\\Query\\Builder->get()
#5 /home/darkglitch/Documents/Televes/ShiftMate/vendor/laravel/framework/src/Illuminate/Cache/DatabaseStore.php(117): Illuminate\\Cache\\DatabaseStore->many()
#6 /home/darkglitch/Documents/Televes/ShiftMate/vendor/laravel/framework/src/Illuminate/Cache/Repository.php(138): Illuminate\\Cache\\DatabaseStore->get()
#7 /home/darkglitch/Documents/Televes/ShiftMate/vendor/laravel/framework/src/Illuminate/Queue/QueueManager.php(359): Illuminate\\Cache\\Repository->get()
#8 /home/darkglitch/Documents/Televes/ShiftMate/vendor/laravel/framework/src/Illuminate/Queue/Worker.php(537): Illuminate\\Queue\\QueueManager->getPausedQueues()
#9 /home/darkglitch/Documents/Televes/ShiftMate/vendor/laravel/framework/src/Illuminate/Queue/Worker.php(494): Illuminate\\Queue\\Worker->getPausedQueues()
#10 /home/darkglitch/Documents/Televes/ShiftMate/vendor/laravel/framework/src/Illuminate/Queue/Worker.php(454): Illuminate\\Queue\\Worker->getNextJob()
#11 /home/darkglitch/Documents/Televes/ShiftMate/vendor/laravel/framework/src/Illuminate/Queue/Console/WorkCommand.php(152): Illuminate\\Queue\\Worker->runNextJob()
#12 /home/darkglitch/Documents/Televes/ShiftMate/vendor/laravel/framework/src/Illuminate/Queue/Console/WorkCommand.php(135): Illuminate\\Queue\\Console\\WorkCommand->runWorker()
#13 /home/darkglitch/Documents/Televes/ShiftMate/vendor/laravel/framework/src/Illuminate/Container/BoundMethod.php(36): Illuminate\\Queue\\Console\\WorkCommand->handle()
#14 /home/darkglitch/Documents/Televes/ShiftMate/vendor/laravel/framework/src/Illuminate/Container/Util.php(43): Illuminate\\Container\\BoundMethod::{closure:Illuminate\\Container\\BoundMethod::call():35}()
#15 /home/darkglitch/Documents/Televes/ShiftMate/vendor/laravel/framework/src/Illuminate/Container/BoundMethod.php(96): Illuminate\\Container\\Util::unwrapIfClosure()
#16 /home/darkglitch/Documents/Televes/ShiftMate/vendor/laravel/framework/src/Illuminate/Container/BoundMethod.php(35): Illuminate\\Container\\BoundMethod::callBoundMethod()
#17 /home/darkglitch/Documents/Televes/ShiftMate/vendor/laravel/framework/src/Illuminate/Container/Container.php(803): Illuminate\\Container\\BoundMethod::call()
#18 /home/darkglitch/Documents/Televes/ShiftMate/vendor/laravel/framework/src/Illuminate/Console/Command.php(292): Illuminate\\Container\\Container->call()
#19 /home/darkglitch/Documents/Televes/ShiftMate/vendor/symfony/console/Command/Command.php(285): Illuminate\\Console\\Command->execute()
#20 /home/darkglitch/Documents/Televes/ShiftMate/vendor/laravel/framework/src/Illuminate/Console/Command.php(261): Symfony\\Component\\Console\\Command\\Command->run()
#21 /home/darkglitch/Documents/Televes/ShiftMate/vendor/symfony/console/Application.php(1144): Illuminate\\Console\\Command->run()
#22 /home/darkglitch/Documents/Televes/ShiftMate/vendor/symfony/console/Application.php(379): Symfony\\Component\\Console\\Application->doRunCommand()
#23 /home/darkglitch/Documents/Televes/ShiftMate/vendor/symfony/console/Application.php(218): Symfony\\Component\\Console\\Application->doRun()
#24 /home/darkglitch/Documents/Televes/ShiftMate/vendor/laravel/framework/src/Illuminate/Foundation/Console/Kernel.php(198): Symfony\\Component\\Console\\Application->run()
#25 /home/darkglitch/Documents/Televes/ShiftMate/vendor/laravel/framework/src/Illuminate/Foundation/Application.php(1243): Illuminate\\Foundation\\Console\\Kernel->handle()
#26 /home/darkglitch/Documents/Televes/ShiftMate/artisan(16): Illuminate\\Foundation\\Application->handleCommand()
#27 {main}

[previous exception] [object] (Illuminate\\Database\\SQLiteDatabaseDoesNotExistException(code: 0): Database file at path [/home/darkglitch/Documents/Televes/ShiftMate/database/database.sqlite] does not exist. Ensure this is an absolute path to the database. at /home/darkglitch/Documents/Televes/ShiftMate/vendor/laravel/framework/src/Illuminate/Database/Connectors/SQLiteConnector.php:61)
[stacktrace]
#0 /home/darkglitch/Documents/Televes/ShiftMate/vendor/laravel/framework/src/Illuminate/Database/Connectors/SQLiteConnector.php(19): Illuminate\\Database\\Connectors\\SQLiteConnector->parseDatabasePath()
#1 /home/darkglitch/Documents/Televes/ShiftMate/vendor/laravel/framework/src/Illuminate/Database/Connectors/ConnectionFactory.php(259): Illuminate\\Database\\Connectors\\SQLiteConnector->connect()
#2 [internal function]: Illuminate\\Database\\Connectors\\ConnectionFactory->{closure:Illuminate\\Database\\Connectors\\ConnectionFactory::createPdoResolverWithoutHosts():259}()
#3 /home/darkglitch/Documents/Televes/ShiftMate/vendor/laravel/framework/src/Illuminate/Database/Connection.php(1298): call_user_func()
#4 /home/darkglitch/Documents/Televes/ShiftMate/vendor/laravel/framework/src/Illuminate/Database/Connection.php(1336): Illuminate\\Database\\Connection->getPdo()
#5 /home/darkglitch/Documents/Televes/ShiftMate/vendor/laravel/framework/src/Illuminate/Database/Connection.php(542): Illuminate\\Database\\Connection->getReadPdo()
#6 /home/darkglitch/Documents/Televes/ShiftMate/vendor/laravel/framework/src/Illuminate/Database/Connection.php(435): Illuminate\\Database\\Connection->getPdoForSelect()
#7 /home/darkglitch/Documents/Televes/ShiftMate/vendor/laravel/framework/src/Illuminate/Database/Connection.php(846): Illuminate\\Database\\Connection->{closure:Illuminate\\Database\\Connection::select():426}()
#8 /home/darkglitch/Documents/Televes/ShiftMate/vendor/laravel/framework/src/Illuminate/Database/Connection.php(813): Illuminate\\Database\\Connection->runQueryCallback()
#9 /home/darkglitch/Documents/Televes/ShiftMate/vendor/laravel/framework/src/Illuminate/Database/Connection.php(426): Illuminate\\Database\\Connection->run()
#10 /home/darkglitch/Documents/Televes/ShiftMate/vendor/laravel/framework/src/Illuminate/Database/Query/Builder.php(3636): Illuminate\\Database\\Connection->select()
#11 /home/darkglitch/Documents/Televes/ShiftMate/vendor/laravel/framework/src/Illuminate/Database/Query/Builder.php(3620): Illuminate\\Database\\Query\\Builder->runSelect()
#12 /home/darkglitch/Documents/Televes/ShiftMate/vendor/laravel/framework/src/Illuminate/Cache/DatabaseStore.php(142): Illuminate\\Database\\Query\\Builder->get()
#13 /home/darkglitch/Documents/Televes/ShiftMate/vendor/laravel/framework/src/Illuminate/Cache/DatabaseStore.php(117): Illuminate\\Cache\\DatabaseStore->many()
#14 /home/darkglitch/Documents/Televes/ShiftMate/vendor/laravel/framework/src/Illuminate/Cache/Repository.php(138): Illuminate\\Cache\\DatabaseStore->get()
#15 /home/darkglitch/Documents/Televes/ShiftMate/vendor/laravel/framework/src/Illuminate/Queue/QueueManager.php(359): Illuminate\\Cache\\Repository->get()
#16 /home/darkglitch/Documents/Televes/ShiftMate/vendor/laravel/framework/src/Illuminate/Queue/Worker.php(537): Illuminate\\Queue\\QueueManager->getPausedQueues()
#17 /home/darkglitch/Documents/Televes/ShiftMate/vendor/laravel/framework/src/Illuminate/Queue/Worker.php(494): Illuminate\\Queue\\Worker->getPausedQueues()
#18 /home/darkglitch/Documents/Televes/ShiftMate/vendor/laravel/framework/src/Illuminate/Queue/Worker.php(454): Illuminate\\Queue\\Worker->getNextJob()
#19 /home/darkglitch/Documents/Televes/ShiftMate/vendor/laravel/framework/src/Illuminate/Queue/Console/WorkCommand.php(152): Illuminate\\Queue\\Worker->runNextJob()
#20 /home/darkglitch/Documents/Televes/ShiftMate/vendor/laravel/framework/src/Illuminate/Queue/Console/WorkCommand.php(135): Illuminate\\Queue\\Console\\WorkCommand->runWorker()
#21 /home/darkglitch/Documents/Televes/ShiftMate/vendor/laravel/framework/src/Illuminate/Container/BoundMethod.php(36): Illuminate\\Queue\\Console\\WorkCommand->handle()
#22 /home/darkglitch/Documents/Televes/ShiftMate/vendor/laravel/framework/src/Illuminate/Container/Util.php(43): Illuminate\\Container\\BoundMethod::{closure:Illuminate\\Container\\BoundMethod::call():35}()
#23 /home/darkglitch/Documents/Televes/ShiftMate/vendor/laravel/framework/src/Illuminate/Container/BoundMethod.php(96): Illuminate\\Container\\Util::unwrapIfClosure()
#24 /home/darkglitch/Documents/Televes/ShiftMate/vendor/laravel/framework/src/Illuminate/Container/BoundMethod.php(35): Illuminate\\Container\\BoundMethod::callBoundMethod()
#25 /home/darkglitch/Documents/Televes/ShiftMate/vendor/laravel/framework/src/Illuminate/Container/Container.php(803): Illuminate\\Container\\BoundMethod::call()
#26 /home/darkglitch/Documents/Televes/ShiftMate/vendor/laravel/framework/src/Illuminate/Console/Command.php(292): Illuminate\\Container\\Container->call()
#27 /home/darkglitch/Documents/Televes/ShiftMate/vendor/symfony/console/Command/Command.php(285): Illuminate\\Console\\Command->execute()
#28 /home/darkglitch/Documents/Televes/ShiftMate/vendor/laravel/framework/src/Illuminate/Console/Command.php(261): Symfony\\Component\\Console\\Command\\Command->run()
#29 /home/darkglitch/Documents/Televes/ShiftMate/vendor/symfony/console/Application.php(1144): Illuminate\\Console\\Command->run()
#30 /home/darkglitch/Documents/Televes/ShiftMate/vendor/symfony/console/Application.php(379): Symfony\\Component\\Console\\Application->doRunCommand()
#31 /home/darkglitch/Documents/Televes/ShiftMate/vendor/symfony/console/Application.php(218): Symfony\\Component\\Console\\Application->doRun()
#32 /home/darkglitch/Documents/Televes/ShiftMate/vendor/laravel/framework/src/Illuminate/Foundation/Console/Kernel.php(198): Symfony\\Component\\Console\\Application->run()
#33 /home/darkglitch/Documents/Televes/ShiftMate/vendor/laravel/framework/src/Illuminate/Foundation/Application.php(1243): Illuminate\\Foundation\\Console\\Kernel->handle()
#34 /home/darkglitch/Documents/Televes/ShiftMate/artisan(16): Illuminate\\Foundation\\Application->handleCommand()
#35 {main}
"} 
[2026-10-06 01:11:06] local.ERROR: Database file at path [/home/darkglitch/Documents/Televes/ShiftMate/database/database.sqlite] does not exist. Ensure this is an absolute path to the database. (Connection: sqlite, Database: /home/darkglitch/Documents/Televes/ShiftMate/database/database.sqlite, SQL: select * from "cache" where "key" in (laravel-cache-illuminate:queues:paused)) {"exception":"[object] (Illuminate\\Database\\QueryException(code: 0): Database file at path [/home/darkglitch/Documents/Televes/ShiftMate/database/database.sqlite] does not exist. Ensure this is an absolute path to the database. (Connection: sqlite, Database: /home/darkglitch/Documents/Televes/ShiftMate/database/database.sqlite, SQL: select * from \"cache\" where \"key\" in (laravel-cache-illuminate:queues:paused)) at /home/darkglitch/Documents/Televes/ShiftMate/vendor/laravel/framework/src/Illuminate/Database/Connection.php:857)
[stacktrace]
#0 /home/darkglitch/Documents/Televes/ShiftMate/vendor/laravel/framework/src/Illuminate/Database/Connection.php(813): Illuminate\\Database\\Connection->runQueryCallback()
#1 /home/darkglitch/Documents/Televes/ShiftMate/vendor/laravel/framework/src/Illuminate/Database/Connection.php(426): Illuminate\\Database\\Connection->run()
#2 /home/darkglitch/Documents/Televes/ShiftMate/vendor/laravel/framework/src/Illuminate/Database/Query/Builder.php(3636): Illuminate\\Database\\Connection->select()
#3 /home/darkglitch/Documents/Televes/ShiftMate/vendor/laravel/framework/src/Illuminate/Database/Query/Builder.php(3620): Illuminate\\Database\\Query\\Builder->runSelect()
#4 /home/darkglitch/Documents/Televes/ShiftMate/vendor/laravel/framework/src/Illuminate/Cache/DatabaseStore.php(142): Illuminate\\Database\\Query\\Builder->get()
#5 /home/darkglitch/Documents/Televes/ShiftMate/vendor/laravel/framework/src/Illuminate/Cache/DatabaseStore.php(117): Illuminate\\Cache\\DatabaseStore->many()
#6 /home/darkglitch/Documents/Televes/ShiftMate/vendor/laravel/framework/src/Illuminate/Cache/Repository.php(138): Illuminate\\Cache\\DatabaseStore->get()
#7 /home/darkglitch/Documents/Televes/ShiftMate/vendor/laravel/framework/src/Illuminate/Queue/QueueManager.php(359): Illuminate\\Cache\\Repository->get()
#8 /home/darkglitch/Documents/Televes/ShiftMate/vendor/laravel/framework/src/Illuminate/Queue/Worker.php(537): Illuminate\\Queue\\QueueManager->getPausedQueues()
#9 /home/darkglitch/Documents/Televes/ShiftMate/vendor/laravel/framework/src/Illuminate/Queue/Worker.php(494): Illuminate\\Queue\\Worker->getPausedQueues()
#10 /home/darkglitch/Documents/Televes/ShiftMate/vendor/laravel/framework/src/Illuminate/Queue/Worker.php(454): Illuminate\\Queue\\Worker->getNextJob()
#11 /home/darkglitch/Documents/Televes/ShiftMate/vendor/laravel/framework/src/Illuminate/Queue/Console/WorkCommand.php(152): Illuminate\\Queue\\Worker->runNextJob()
#12 /home/darkglitch/Documents/Televes/ShiftMate/vendor/laravel/framework/src/Illuminate/Queue/Console/WorkCommand.php(135): Illuminate\\Queue\\Console\\WorkCommand->runWorker()
#13 /home/darkglitch/Documents/Televes/ShiftMate/vendor/laravel/framework/src/Illuminate/Container/BoundMethod.php(36): Illuminate\\Queue\\Console\\WorkCommand->handle()
#14 /home/darkglitch/Documents/Televes/ShiftMate/vendor/laravel/framework/src/Illuminate/Container/Util.php(43): Illuminate\\Container\\BoundMethod::{closure:Illuminate\\Container\\BoundMethod::call():35}()
#15 /home/darkglitch/Documents/Televes/ShiftMate/vendor/laravel/framework/src/Illuminate/Container/BoundMethod.php(96): Illuminate\\Container\\Util::unwrapIfClosure()
#16 /home/darkglitch/Documents/Televes/ShiftMate/vendor/laravel/framework/src/Illuminate/Container/BoundMethod.php(35): Illuminate\\Container\\BoundMethod::callBoundMethod()
#17 /home/darkglitch/Documents/Televes/ShiftMate/vendor/laravel/framework/src/Illuminate/Container/Container.php(803): Illuminate\\Container\\BoundMethod::call()
#18 /home/darkglitch/Documents/Televes/ShiftMate/vendor/laravel/framework/src/Illuminate/Console/Command.php(292): Illuminate\\Container\\Container->call()
#19 /home/darkglitch/Documents/Televes/ShiftMate/vendor/symfony/console/Command/Command.php(285): Illuminate\\Console\\Command->execute()
#20 /home/darkglitch/Documents/Televes/ShiftMate/vendor/laravel/framework/src/Illuminate/Console/Command.php(261): Symfony\\Component\\Console\\Command\\Command->run()
#21 /home/darkglitch/Documents/Televes/ShiftMate/vendor/symfony/console/Application.php(1144): Illuminate\\Console\\Command->run()
#22 /home/darkglitch/Documents/Televes/ShiftMate/vendor/symfony/console/Application.php(379): Symfony\\Component\\Console\\Application->doRunCommand()
#23 /home/darkglitch/Documents/Televes/ShiftMate/vendor/symfony/console/Application.php(218): Symfony\\Component\\Console\\Application->doRun()
#24 /home/darkglitch/Documents/Televes/ShiftMate/vendor/laravel/framework/src/Illuminate/Foundation/Console/Kernel.php(198): Symfony\\Component\\Console\\Application->run()
#25 /home/darkglitch/Documents/Televes/ShiftMate/vendor/laravel/framework/src/Illuminate/Foundation/Application.php(1243): Illuminate\\Foundation\\Console\\Kernel->handle()
#26 /home/darkglitch/Documents/Televes/ShiftMate/artisan(16): Illuminate\\Foundation\\Application->handleCommand()
#27 {main}

[previous exception] [object] (Illuminate\\Database\\SQLiteDatabaseDoesNotExistException(code: 0): Database file at path [/home/darkglitch/Documents/Televes/ShiftMate/database/database.sqlite] does not exist. Ensure this is an absolute path to the database. at /home/darkglitch/Documents/Televes/ShiftMate/vendor/laravel/framework/src/Illuminate/Database/Connectors/SQLiteConnector.php:61)
[stacktrace]
#0 /home/darkglitch/Documents/Televes/ShiftMate/vendor/laravel/framework/src/Illuminate/Database/Connectors/SQLiteConnector.php(19): Illuminate\\Database\\Connectors\\SQLiteConnector->parseDatabasePath()
#1 /home/darkglitch/Documents/Televes/ShiftMate/vendor/laravel/framework/src/Illuminate/Database/Connectors/ConnectionFactory.php(259): Illuminate\\Database\\Connectors\\SQLiteConnector->connect()
#2 [internal function]: Illuminate\\Database\\Connectors\\ConnectionFactory->{closure:Illuminate\\Database\\Connectors\\ConnectionFactory::createPdoResolverWithoutHosts():259}()
#3 /home/darkglitch/Documents/Televes/ShiftMate/vendor/laravel/framework/src/Illuminate/Database/Connection.php(1298): call_user_func()
#4 /home/darkglitch/Documents/Televes/ShiftMate/vendor/laravel/framework/src/Illuminate/Database/Connection.php(1336): Illuminate\\Database\\Connection->getPdo()
#5 /home/darkglitch/Documents/Televes/ShiftMate/vendor/laravel/framework/src/Illuminate/Database/Connection.php(542): Illuminate\\Database\\Connection->getReadPdo()
#6 /home/darkglitch/Documents/Televes/ShiftMate/vendor/laravel/framework/src/Illuminate/Database/Connection.php(435): Illuminate\\Database\\Connection->getPdoForSelect()
#7 /home/darkglitch/Documents/Televes/ShiftMate/vendor/laravel/framework/src/Illuminate/Database/Connection.php(846): Illuminate\\Database\\Connection->{closure:Illuminate\\Database\\Connection::select():426}()
#8 /home/darkglitch/Documents/Televes/ShiftMate/vendor/laravel/framework/src/Illuminate/Database/Connection.php(813): Illuminate\\Database\\Connection->runQueryCallback()
#9 /home/darkglitch/Documents/Televes/ShiftMate/vendor/laravel/framework/src/Illuminate/Database/Connection.php(426): Illuminate\\Database\\Connection->run()
#10 /home/darkglitch/Documents/Televes/ShiftMate/vendor/laravel/framework/src/Illuminate/Database/Query/Builder.php(3636): Illuminate\\Database\\Connection->select()
#11 /home/darkglitch/Documents/Televes/ShiftMate/vendor/laravel/framework/src/Illuminate/Database/Query/Builder.php(3620): Illuminate\\Database\\Query\\Builder->runSelect()
#12 /home/darkglitch/Documents/Televes/ShiftMate/vendor/laravel/framework/src/Illuminate/Cache/DatabaseStore.php(142): Illuminate\\Database\\Query\\Builder->get()
#13 /home/darkglitch/Documents/Televes/ShiftMate/vendor/laravel/framework/src/Illuminate/Cache/DatabaseStore.php(117): Illuminate\\Cache\\DatabaseStore->many()
#14 /home/darkglitch/Documents/Televes/ShiftMate/vendor/laravel/framework/src/Illuminate/Cache/Repository.php(138): Illuminate\\Cache\\DatabaseStore->get()
#15 /home/darkglitch/Documents/Televes/ShiftMate/vendor/laravel/framework/src/Illuminate/Queue/QueueManager.php(359): Illuminate\\Cache\\Repository->get()
#16 /home/darkglitch/Documents/Televes/ShiftMate/vendor/laravel/framework/src/Illuminate/Queue/Worker.php(537): Illuminate\\Queue\\QueueManager->getPausedQueues()
#17 /home/darkglitch/Documents/Televes/ShiftMate/vendor/laravel/framework/src/Illuminate/Queue/Worker.php(494): Illuminate\\Queue\\Worker->getPausedQueues()
#18 /home/darkglitch/Documents/Televes/ShiftMate/vendor/laravel/framework/src/Illuminate/Queue/Worker.php(454): Illuminate\\Queue\\Worker->getNextJob()
#19 /home/darkglitch/Documents/Televes/ShiftMate/vendor/laravel/framework/src/Illuminate/Queue/Console/WorkCommand.php(152): Illuminate\\Queue\\Worker->runNextJob()
#20 /home/darkglitch/Documents/Televes/ShiftMate/vendor/laravel/framework/src/Illuminate/Queue/Console/WorkCommand.php(135): Illuminate\\Queue\\Console\\WorkCommand->runWorker()
#21 /home/darkglitch/Documents/Televes/ShiftMate/vendor/laravel/framework/src/Illuminate/Container/BoundMethod.php(36): Illuminate\\Queue\\Console\\WorkCommand->handle()
#22 /home/darkglitch/Documents/Televes/ShiftMate/vendor/laravel/framework/src/Illuminate/Container/Util.php(43): Illuminate\\Container\\BoundMethod::{closure:Illuminate\\Container\\BoundMethod::call():35}()
#23 /home/darkglitch/Documents/Televes/ShiftMate/vendor/laravel/framework/src/Illuminate/Container/BoundMethod.php(96): Illuminate\\Container\\Util::unwrapIfClosure()
#24 /home/darkglitch/Documents/Televes/ShiftMate/vendor/laravel/framework/src/Illuminate/Container/BoundMethod.php(35): Illuminate\\Container\\BoundMethod::callBoundMethod()
#25 /home/darkglitch/Documents/Televes/ShiftMate/vendor/laravel/framework/src/Illuminate/Container/Container.php(803): Illuminate\\Container\\BoundMethod::call()
#26 /home/darkglitch/Documents/Televes/ShiftMate/vendor/laravel/framework/src/Illuminate/Console/Command.php(292): Illuminate\\Container\\Container->call()
#27 /home/darkglitch/Documents/Televes/ShiftMate/vendor/symfony/console/Command/Command.php(285): Illuminate\\Console\\Command->execute()
#28 /home/darkglitch/Documents/Televes/ShiftMate/vendor/laravel/framework/src/Illuminate/Console/Command.php(261): Symfony\\Component\\Console\\Command\\Command->run()
#29 /home/darkglitch/Documents/Televes/ShiftMate/vendor/symfony/console/Application.php(1144): Illuminate\\Console\\Command->run()
#30 /home/darkglitch/Documents/Televes/ShiftMate/vendor/symfony/console/Application.php(379): Symfony\\Component\\Console\\Application->doRunCommand()
#31 /home/darkglitch/Documents/Televes/ShiftMate/vendor/symfony/console/Application.php(218): Symfony\\Component\\Console\\Application->doRun()
#32 /home/darkglitch/Documents/Televes/ShiftMate/vendor/laravel/framework/src/Illuminate/Foundation/Console/Kernel.php(198): Symfony\\Component\\Console\\Application->run()
#33 /home/darkglitch/Documents/Televes/ShiftMate/vendor/laravel/framework/src/Illuminate/Foundation/Application.php(1243): Illuminate\\Foundation\\Console\\Kernel->handle()
#34 /home/darkglitch/Documents/Televes/ShiftMate/artisan(16): Illuminate\\Foundation\\Application->handleCommand()
#35 {main}
"} 
[2026-10-06 01:11:10] local.ERROR: Database file at path [/home/darkglitch/Documents/Televes/ShiftMate/database/database.sqlite] does not exist. Ensure this is an absolute path to the database. (Connection: sqlite, Database: /home/darkglitch/Documents/Televes/ShiftMate/database/database.sqlite, SQL: select * from "cache" where "key" in (laravel-cache-illuminate:queues:paused)) {"exception":"[object] (Illuminate\\Database\\QueryException(code: 0): Database file at path [/home/darkglitch/Documents/Televes/ShiftMate/database/database.sqlite] does not exist. Ensure this is an absolute path to the database. (Connection: sqlite, Database: /home/darkglitch/Documents/Televes/ShiftMate/database/database.sqlite, SQL: select * from \"cache\" where \"key\" in (laravel-cache-illuminate:queues:paused)) at /home/darkglitch/Documents/Televes/ShiftMate/vendor/laravel/framework/src/Illuminate/Database/Connection.php:857)
[stacktrace]
#0 /home/darkglitch/Documents/Televes/ShiftMate/vendor/laravel/framework/src/Illuminate/Database/Connection.php(813): Illuminate\\Database\\Connection->runQueryCallback()
#1 /home/darkglitch/Documents/Televes/ShiftMate/vendor/laravel/framework/src/Illuminate/Database/Connection.php(426): Illuminate\\Database\\Connection->run()
#2 /home/darkglitch/Documents/Televes/ShiftMate/vendor/laravel/framework/src/Illuminate/Database/Query/Builder.php(3636): Illuminate\\Database\\Connection->select()
#3 /home/darkglitch/Documents/Televes/ShiftMate/vendor/laravel/framework/src/Illuminate/Database/Query/Builder.php(3620): Illuminate\\Database\\Query\\Builder->runSelect()
#4 /home/darkglitch/Documents/Televes/ShiftMate/vendor/laravel/framework/src/Illuminate/Cache/DatabaseStore.php(142): Illuminate\\Database\\Query\\Builder->get()
#5 /home/darkglitch/Documents/Televes/ShiftMate/vendor/laravel/framework/src/Illuminate/Cache/DatabaseStore.php(117): Illuminate\\Cache\\DatabaseStore->many()
#6 /home/darkglitch/Documents/Televes/ShiftMate/vendor/laravel/framework/src/Illuminate/Cache/Repository.php(138): Illuminate\\Cache\\DatabaseStore->get()
#7 /home/darkglitch/Documents/Televes/ShiftMate/vendor/laravel/framework/src/Illuminate/Queue/QueueManager.php(359): Illuminate\\Cache\\Repository->get()
#8 /home/darkglitch/Documents/Televes/ShiftMate/vendor/laravel/framework/src/Illuminate/Queue/Worker.php(537): Illuminate\\Queue\\QueueManager->getPausedQueues()
#9 /home/darkglitch/Documents/Televes/ShiftMate/vendor/laravel/framework/src/Illuminate/Queue/Worker.php(494): Illuminate\\Queue\\Worker->getPausedQueues()
#10 /home/darkglitch/Documents/Televes/ShiftMate/vendor/laravel/framework/src/Illuminate/Queue/Worker.php(454): Illuminate\\Queue\\Worker->getNextJob()
#11 /home/darkglitch/Documents/Televes/ShiftMate/vendor/laravel/framework/src/Illuminate/Queue/Console/WorkCommand.php(152): Illuminate\\Queue\\Worker->runNextJob()
#12 /home/darkglitch/Documents/Televes/ShiftMate/vendor/laravel/framework/src/Illuminate/Queue/Console/WorkCommand.php(135): Illuminate\\Queue\\Console\\WorkCommand->runWorker()
#13 /home/darkglitch/Documents/Televes/ShiftMate/vendor/laravel/framework/src/Illuminate/Container/BoundMethod.php(36): Illuminate\\Queue\\Console\\WorkCommand->handle()
#14 /home/darkglitch/Documents/Televes/ShiftMate/vendor/laravel/framework/src/Illuminate/Container/Util.php(43): Illuminate\\Container\\BoundMethod::{closure:Illuminate\\Container\\BoundMethod::call():35}()
#15 /home/darkglitch/Documents/Televes/ShiftMate/vendor/laravel/framework/src/Illuminate/Container/BoundMethod.php(96): Illuminate\\Container\\Util::unwrapIfClosure()
#16 /home/darkglitch/Documents/Televes/ShiftMate/vendor/laravel/framework/src/Illuminate/Container/BoundMethod.php(35): Illuminate\\Container\\BoundMethod::callBoundMethod()
#17 /home/darkglitch/Documents/Televes/ShiftMate/vendor/laravel/framework/src/Illuminate/Container/Container.php(803): Illuminate\\Container\\BoundMethod::call()
#18 /home/darkglitch/Documents/Televes/ShiftMate/vendor/laravel/framework/src/Illuminate/Console/Command.php(292): Illuminate\\Container\\Container->call()
#19 /home/darkglitch/Documents/Televes/ShiftMate/vendor/symfony/console/Command/Command.php(285): Illuminate\\Console\\Command->execute()
#20 /home/darkglitch/Documents/Televes/ShiftMate/vendor/laravel/framework/src/Illuminate/Console/Command.php(261): Symfony\\Component\\Console\\Command\\Command->run()
#21 /home/darkglitch/Documents/Televes/ShiftMate/vendor/symfony/console/Application.php(1144): Illuminate\\Console\\Command->run()
#22 /home/darkglitch/Documents/Televes/ShiftMate/vendor/symfony/console/Application.php(379): Symfony\\Component\\Console\\Application->doRunCommand()
#23 /home/darkglitch/Documents/Televes/ShiftMate/vendor/symfony/console/Application.php(218): Symfony\\Component\\Console\\Application->doRun()
#24 /home/darkglitch/Documents/Televes/ShiftMate/vendor/laravel/framework/src/Illuminate/Foundation/Console/Kernel.php(198): Symfony\\Component\\Console\\Application->run()
#25 /home/darkglitch/Documents/Televes/ShiftMate/vendor/laravel/framework/src/Illuminate/Foundation/Application.php(1243): Illuminate\\Foundation\\Console\\Kernel->handle()
#26 /home/darkglitch/Documents/Televes/ShiftMate/artisan(16): Illuminate\\Foundation\\Application->handleCommand()
#27 {main}

[previous exception] [object] (Illuminate\\Database\\SQLiteDatabaseDoesNotExistException(code: 0): Database file at path [/home/darkglitch/Documents/Televes/ShiftMate/database/database.sqlite] does not exist. Ensure this is an absolute path to the database. at /home/darkglitch/Documents/Televes/ShiftMate/vendor/laravel/framework/src/Illuminate/Database/Connectors/SQLiteConnector.php:61)
[stacktrace]
#0 /home/darkglitch/Documents/Televes/ShiftMate/vendor/laravel/framework/src/Illuminate/Database/Connectors/SQLiteConnector.php(19): Illuminate\\Database\\Connectors\\SQLiteConnector->parseDatabasePath()
#1 /home/darkglitch/Documents/Televes/ShiftMate/vendor/laravel/framework/src/Illuminate/Database/Connectors/ConnectionFactory.php(259): Illuminate\\Database\\Connectors\\SQLiteConnector->connect()
#2 [internal function]: Illuminate\\Database\\Connectors\\ConnectionFactory->{closure:Illuminate\\Database\\Connectors\\ConnectionFactory::createPdoResolverWithoutHosts():259}()
#3 /home/darkglitch/Documents/Televes/ShiftMate/vendor/laravel/framework/src/Illuminate/Database/Connection.php(1298): call_user_func()
#4 /home/darkglitch/Documents/Televes/ShiftMate/vendor/laravel/framework/src/Illuminate/Database/Connection.php(1336): Illuminate\\Database\\Connection->getPdo()
#5 /home/darkglitch/Documents/Televes/ShiftMate/vendor/laravel/framework/src/Illuminate/Database/Connection.php(542): Illuminate\\Database\\Connection->getReadPdo()
#6 /home/darkglitch/Documents/Televes/ShiftMate/vendor/laravel/framework/src/Illuminate/Database/Connection.php(435): Illuminate\\Database\\Connection->getPdoForSelect()
#7 /home/darkglitch/Documents/Televes/ShiftMate/vendor/laravel/framework/src/Illuminate/Database/Connection.php(846): Illuminate\\Database\\Connection->{closure:Illuminate\\Database\\Connection::select():426}()
#8 /home/darkglitch/Documents/Televes/ShiftMate/vendor/laravel/framework/src/Illuminate/Database/Connection.php(813): Illuminate\\Database\\Connection->runQueryCallback()
#9 /home/darkglitch/Documents/Televes/ShiftMate/vendor/laravel/framework/src/Illuminate/Database/Connection.php(426): Illuminate\\Database\\Connection->run()
#10 /home/darkglitch/Documents/Televes/ShiftMate/vendor/laravel/framework/src/Illuminate/Database/Query/Builder.php(3636): Illuminate\\Database\\Connection->select()
#11 /home/darkglitch/Documents/Televes/ShiftMate/vendor/laravel/framework/src/Illuminate/Database/Query/Builder.php(3620): Illuminate\\Database\\Query\\Builder->runSelect()
#12 /home/darkglitch/Documents/Televes/ShiftMate/vendor/laravel/framework/src/Illuminate/Cache/DatabaseStore.php(142): Illuminate\\Database\\Query\\Builder->get()
#13 /home/darkglitch/Documents/Televes/ShiftMate/vendor/laravel/framework/src/Illuminate/Cache/DatabaseStore.php(117): Illuminate\\Cache\\DatabaseStore->many()
#14 /home/darkglitch/Documents/Televes/ShiftMate/vendor/laravel/framework/src/Illuminate/Cache/Repository.php(138): Illuminate\\Cache\\DatabaseStore->get()
#15 /home/darkglitch/Documents/Televes/ShiftMate/vendor/laravel/framework/src/Illuminate/Queue/QueueManager.php(359): Illuminate\\Cache\\Repository->get()
#16 /home/darkglitch/Documents/Televes/ShiftMate/vendor/laravel/framework/src/Illuminate/Queue/Worker.php(537): Illuminate\\Queue\\QueueManager->getPausedQueues()
#17 /home/darkglitch/Documents/Televes/ShiftMate/vendor/laravel/framework/src/Illuminate/Queue/Worker.php(494): Illuminate\\Queue\\Worker->getPausedQueues()
#18 /home/darkglitch/Documents/Televes/ShiftMate/vendor/laravel/framework/src/Illuminate/Queue/Worker.php(454): Illuminate\\Queue\\Worker->getNextJob()
#19 /home/darkglitch/Documents/Televes/ShiftMate/vendor/laravel/framework/src/Illuminate/Queue/Console/WorkCommand.php(152): Illuminate\\Queue\\Worker->runNextJob()
#20 /home/darkglitch/Documents/Televes/ShiftMate/vendor/laravel/framework/src/Illuminate/Queue/Console/WorkCommand.php(135): Illuminate\\Queue\\Console\\WorkCommand->runWorker()
#21 /home/darkglitch/Documents/Televes/ShiftMate/vendor/laravel/framework/src/Illuminate/Container/BoundMethod.php(36): Illuminate\\Queue\\Console\\WorkCommand->handle()
#22 /home/darkglitch/Documents/Televes/ShiftMate/vendor/laravel/framework/src/Illuminate/Container/Util.php(43): Illuminate\\Container\\BoundMethod::{closure:Illuminate\\Container\\BoundMethod::call():35}()
#23 /home/darkglitch/Documents/Televes/ShiftMate/vendor/laravel/framework/src/Illuminate/Container/BoundMethod.php(96): Illuminate\\Container\\Util::unwrapIfClosure()
#24 /home/darkglitch/Documents/Televes/ShiftMate/vendor/laravel/framework/src/Illuminate/Container/BoundMethod.php(35): Illuminate\\Container\\BoundMethod::callBoundMethod()
#25 /home/darkglitch/Documents/Televes/ShiftMate/vendor/laravel/framework/src/Illuminate/Container/Container.php(803): Illuminate\\Container\\BoundMethod::call()
#26 /home/darkglitch/Documents/Televes/ShiftMate/vendor/laravel/framework/src/Illuminate/Console/Command.php(292): Illuminate\\Container\\Container->call()
#27 /home/darkglitch/Documents/Televes/ShiftMate/vendor/symfony/console/Command/Command.php(285): Illuminate\\Console\\Command->execute()
#28 /home/darkglitch/Documents/Televes/ShiftMate/vendor/laravel/framework/src/Illuminate/Console/Command.php(261): Symfony\\Component\\Console\\Command\\Command->run()
#29 /home/darkglitch/Documents/Televes/ShiftMate/vendor/symfony/console/Application.php(1144): Illuminate\\Console\\Command->run()
#30 /home/darkglitch/Documents/Televes/ShiftMate/vendor/symfony/console/Application.php(379): Symfony\\Component\\Console\\Application->doRunCommand()
#31 /home/darkglitch/Documents/Televes/ShiftMate/vendor/symfony/console/Application.php(218): Symfony\\Component\\Console\\Application->doRun()
#32 /home/darkglitch/Documents/Televes/ShiftMate/vendor/laravel/framework/src/Illuminate/Foundation/Console/Kernel.php(198): Symfony\\Component\\Console\\Application->run()
#33 /home/darkglitch/Documents/Televes/ShiftMate/vendor/laravel/framework/src/Illuminate/Foundation/Application.php(1243): Illuminate\\Foundation\\Console\\Kernel->handle()
#34 /home/darkglitch/Documents/Televes/ShiftMate/artisan(16): Illuminate\\Foundation\\Application->handleCommand()
#35 {main}
"} 
[2026-10-06 01:11:14] local.ERROR: Database file at path [/home/darkglitch/Documents/Televes/ShiftMate/database/database.sqlite] does not exist. Ensure this is an absolute path to the database. (Connection: sqlite, Database: /home/darkglitch/Documents/Televes/ShiftMate/database/database.sqlite, SQL: select * from "cache" where "key" in (laravel-cache-illuminate:queues:paused)) {"exception":"[object] (Illuminate\\Database\\QueryException(code: 0): Database file at path [/home/darkglitch/Documents/Televes/ShiftMate/database/database.sqlite] does not exist. Ensure this is an absolute path to the database. (Connection: sqlite, Database: /home/darkglitch/Documents/Televes/ShiftMate/database/database.sqlite, SQL: select * from \"cache\" where \"key\" in (laravel-cache-illuminate:queues:paused)) at /home/darkglitch/Documents/Televes/ShiftMate/vendor/laravel/framework/src/Illuminate/Database/Connection.php:857)
[stacktrace]
#0 /home/darkglitch/Documents/Televes/ShiftMate/vendor/laravel/framework/src/Illuminate/Database/Connection.php(813): Illuminate\\Database\\Connection->runQueryCallback()
#1 /home/darkglitch/Documents/Televes/ShiftMate/vendor/laravel/framework/src/Illuminate/Database/Connection.php(426): Illuminate\\Database\\Connection->run()
#2 /home/darkglitch/Documents/Televes/ShiftMate/vendor/laravel/framework/src/Illuminate/Database/Query/Builder.php(3636): Illuminate\\Database\\Connection->select()
#3 /home/darkglitch/Documents/Televes/ShiftMate/vendor/laravel/framework/src/Illuminate/Database/Query/Builder.php(3620): Illuminate\\Database\\Query\\Builder->runSelect()
#4 /home/darkglitch/Documents/Televes/ShiftMate/vendor/laravel/framework/src/Illuminate/Cache/DatabaseStore.php(142): Illuminate\\Database\\Query\\Builder->get()
#5 /home/darkglitch/Documents/Televes/ShiftMate/vendor/laravel/framework/src/Illuminate/Cache/DatabaseStore.php(117): Illuminate\\Cache\\DatabaseStore->many()
#6 /home/darkglitch/Documents/Televes/ShiftMate/vendor/laravel/framework/src/Illuminate/Cache/Repository.php(138): Illuminate\\Cache\\DatabaseStore->get()
#7 /home/darkglitch/Documents/Televes/ShiftMate/vendor/laravel/framework/src/Illuminate/Queue/QueueManager.php(359): Illuminate\\Cache\\Repository->get()
#8 /home/darkglitch/Documents/Televes/ShiftMate/vendor/laravel/framework/src/Illuminate/Queue/Worker.php(537): Illuminate\\Queue\\QueueManager->getPausedQueues()
#9 /home/darkglitch/Documents/Televes/ShiftMate/vendor/laravel/framework/src/Illuminate/Queue/Worker.php(494): Illuminate\\Queue\\Worker->getPausedQueues()
#10 /home/darkglitch/Documents/Televes/ShiftMate/vendor/laravel/framework/src/Illuminate/Queue/Worker.php(454): Illuminate\\Queue\\Worker->getNextJob()
#11 /home/darkglitch/Documents/Televes/ShiftMate/vendor/laravel/framework/src/Illuminate/Queue/Console/WorkCommand.php(152): Illuminate\\Queue\\Worker->runNextJob()
#12 /home/darkglitch/Documents/Televes/ShiftMate/vendor/laravel/framework/src/Illuminate/Queue/Console/WorkCommand.php(135): Illuminate\\Queue\\Console\\WorkCommand->runWorker()
#13 /home/darkglitch/Documents/Televes/ShiftMate/vendor/laravel/framework/src/Illuminate/Container/BoundMethod.php(36): Illuminate\\Queue\\Console\\WorkCommand->handle()
#14 /home/darkglitch/Documents/Televes/ShiftMate/vendor/laravel/framework/src/Illuminate/Container/Util.php(43): Illuminate\\Container\\BoundMethod::{closure:Illuminate\\Container\\BoundMethod::call():35}()
#15 /home/darkglitch/Documents/Televes/ShiftMate/vendor/laravel/framework/src/Illuminate/Container/BoundMethod.php(96): Illuminate\\Container\\Util::unwrapIfClosure()
#16 /home/darkglitch/Documents/Televes/ShiftMate/vendor/laravel/framework/src/Illuminate/Container/BoundMethod.php(35): Illuminate\\Container\\BoundMethod::callBoundMethod()
#17 /home/darkglitch/Documents/Televes/ShiftMate/vendor/laravel/framework/src/Illuminate/Container/Container.php(803): Illuminate\\Container\\BoundMethod::call()
#18 /home/darkglitch/Documents/Televes/ShiftMate/vendor/laravel/framework/src/Illuminate/Console/Command.php(292): Illuminate\\Container\\Container->call()
#19 /home/darkglitch/Documents/Televes/ShiftMate/vendor/symfony/console/Command/Command.php(285): Illuminate\\Console\\Command->execute()
#20 /home/darkglitch/Documents/Televes/ShiftMate/vendor/laravel/framework/src/Illuminate/Console/Command.php(261): Symfony\\Component\\Console\\Command\\Command->run()
#21 /home/darkglitch/Documents/Televes/ShiftMate/vendor/symfony/console/Application.php(1144): Illuminate\\Console\\Command->run()
#22 /home/darkglitch/Documents/Televes/ShiftMate/vendor/symfony/console/Application.php(379): Symfony\\Component\\Console\\Application->doRunCommand()
#23 /home/darkglitch/Documents/Televes/ShiftMate/vendor/symfony/console/Application.php(218): Symfony\\Component\\Console\\Application->doRun()
#24 /home/darkglitch/Documents/Televes/ShiftMate/vendor/laravel/framework/src/Illuminate/Foundation/Console/Kernel.php(198): Symfony\\Component\\Console\\Application->run()
#25 /home/darkglitch/Documents/Televes/ShiftMate/vendor/laravel/framework/src/Illuminate/Foundation/Application.php(1243): Illuminate\\Foundation\\Console\\Kernel->handle()
#26 /home/darkglitch/Documents/Televes/ShiftMate/artisan(16): Illuminate\\Foundation\\Application->handleCommand()
#27 {main}

[previous exception] [object] (Illuminate\\Database\\SQLiteDatabaseDoesNotExistException(code: 0): Database file at path [/home/darkglitch/Documents/Televes/ShiftMate/database/database.sqlite] does not exist. Ensure this is an absolute path to the database. at /home/darkglitch/Documents/Televes/ShiftMate/vendor/laravel/framework/src/Illuminate/Database/Connectors/SQLiteConnector.php:61)
[stacktrace]
#0 /home/darkglitch/Documents/Televes/ShiftMate/vendor/laravel/framework/src/Illuminate/Database/Connectors/SQLiteConnector.php(19): Illuminate\\Database\\Connectors\\SQLiteConnector->parseDatabasePath()
#1 /home/darkglitch/Documents/Televes/ShiftMate/vendor/laravel/framework/src/Illuminate/Database/Connectors/ConnectionFactory.php(259): Illuminate\\Database\\Connectors\\SQLiteConnector->connect()
#2 [internal function]: Illuminate\\Database\\Connectors\\ConnectionFactory->{closure:Illuminate\\Database\\Connectors\\ConnectionFactory::createPdoResolverWithoutHosts():259}()
#3 /home/darkglitch/Documents/Televes/ShiftMate/vendor/laravel/framework/src/Illuminate/Database/Connection.php(1298): call_user_func()
#4 /home/darkglitch/Documents/Televes/ShiftMate/vendor/laravel/framework/src/Illuminate/Database/Connection.php(1336): Illuminate\\Database\\Connection->getPdo()
#5 /home/darkglitch/Documents/Televes/ShiftMate/vendor/laravel/framework/src/Illuminate/Database/Connection.php(542): Illuminate\\Database\\Connection->getReadPdo()
#6 /home/darkglitch/Documents/Televes/ShiftMate/vendor/laravel/framework/src/Illuminate/Database/Connection.php(435): Illuminate\\Database\\Connection->getPdoForSelect()
#7 /home/darkglitch/Documents/Televes/ShiftMate/vendor/laravel/framework/src/Illuminate/Database/Connection.php(846): Illuminate\\Database\\Connection->{closure:Illuminate\\Database\\Connection::select():426}()
#8 /home/darkglitch/Documents/Televes/ShiftMate/vendor/laravel/framework/src/Illuminate/Database/Connection.php(813): Illuminate\\Database\\Connection->runQueryCallback()
#9 /home/darkglitch/Documents/Televes/ShiftMate/vendor/laravel/framework/src/Illuminate/Database/Connection.php(426): Illuminate\\Database\\Connection->run()
#10 /home/darkglitch/Documents/Televes/ShiftMate/vendor/laravel/framework/src/Illuminate/Database/Query/Builder.php(3636): Illuminate\\Database\\Connection->select()
#11 /home/darkglitch/Documents/Televes/ShiftMate/vendor/laravel/framework/src/Illuminate/Database/Query/Builder.php(3620): Illuminate\\Database\\Query\\Builder->runSelect()
#12 /home/darkglitch/Documents/Televes/ShiftMate/vendor/laravel/framework/src/Illuminate/Cache/DatabaseStore.php(142): Illuminate\\Database\\Query\\Builder->get()
#13 /home/darkglitch/Documents/Televes/ShiftMate/vendor/laravel/framework/src/Illuminate/Cache/DatabaseStore.php(117): Illuminate\\Cache\\DatabaseStore->many()
#14 /home/darkglitch/Documents/Televes/ShiftMate/vendor/laravel/framework/src/Illuminate/Cache/Repository.php(138): Illuminate\\Cache\\DatabaseStore->get()
#15 /home/darkglitch/Documents/Televes/ShiftMate/vendor/laravel/framework/src/Illuminate/Queue/QueueManager.php(359): Illuminate\\Cache\\Repository->get()
#16 /home/darkglitch/Documents/Televes/ShiftMate/vendor/laravel/framework/src/Illuminate/Queue/Worker.php(537): Illuminate\\Queue\\QueueManager->getPausedQueues()
#17 /home/darkglitch/Documents/Televes/ShiftMate/vendor/laravel/framework/src/Illuminate/Queue/Worker.php(494): Illuminate\\Queue\\Worker->getPausedQueues()
#18 /home/darkglitch/Documents/Televes/ShiftMate/vendor/laravel/framework/src/Illuminate/Queue/Worker.php(454): Illuminate\\Queue\\Worker->getNextJob()
#19 /home/darkglitch/Documents/Televes/ShiftMate/vendor/laravel/framework/src/Illuminate/Queue/Console/WorkCommand.php(152): Illuminate\\Queue\\Worker->runNextJob()
#20 /home/darkglitch/Documents/Televes/ShiftMate/vendor/laravel/framework/src/Illuminate/Queue/Console/WorkCommand.php(135): Illuminate\\Queue\\Console\\WorkCommand->runWorker()
#21 /home/darkglitch/Documents/Televes/ShiftMate/vendor/laravel/framework/src/Illuminate/Container/BoundMethod.php(36): Illuminate\\Queue\\Console\\WorkCommand->handle()
#22 /home/darkglitch/Documents/Televes/ShiftMate/vendor/laravel/framework/src/Illuminate/Container/Util.php(43): Illuminate\\Container\\BoundMethod::{closure:Illuminate\\Container\\BoundMethod::call():35}()
#23 /home/darkglitch/Documents/Televes/ShiftMate/vendor/laravel/framework/src/Illuminate/Container/BoundMethod.php(96): Illuminate\\Container\\Util::unwrapIfClosure()
#24 /home/darkglitch/Documents/Televes/ShiftMate/vendor/laravel/framework/src/Illuminate/Container/BoundMethod.php(35): Illuminate\\Container\\BoundMethod::callBoundMethod()
#25 /home/darkglitch/Documents/Televes/ShiftMate/vendor/laravel/framework/src/Illuminate/Container/Container.php(803): Illuminate\\Container\\BoundMethod::call()
#26 /home/darkglitch/Documents/Televes/ShiftMate/vendor/laravel/framework/src/Illuminate/Console/Command.php(292): Illuminate\\Container\\Container->call()
#27 /home/darkglitch/Documents/Televes/ShiftMate/vendor/symfony/console/Command/Command.php(285): Illuminate\\Console\\Command->execute()
#28 /home/darkglitch/Documents/Televes/ShiftMate/vendor/laravel/framework/src/Illuminate/Console/Command.php(261): Symfony\\Component\\Console\\Command\\Command->run()
#29 /home/darkglitch/Documents/Televes/ShiftMate/vendor/symfony/console/Application.php(1144): Illuminate\\Console\\Command->run()
#30 /home/darkglitch/Documents/Televes/ShiftMate/vendor/symfony/console/Application.php(379): Symfony\\Component\\Console\\Application->doRunCommand()
#31 /home/darkglitch/Documents/Televes/ShiftMate/vendor/symfony/console/Application.php(218): Symfony\\Component\\Console\\Application->doRun()
#32 /home/darkglitch/Documents/Televes/ShiftMate/vendor/laravel/framework/src/Illuminate/Foundation/Console/Kernel.php(198): Symfony\\Component\\Console\\Application->run()
#33 /home/darkglitch/Documents/Televes/ShiftMate/vendor/laravel/framework/src/Illuminate/Foundation/Application.php(1243): Illuminate\\Foundation\\Console\\Kernel->handle()
#34 /home/darkglitch/Documents/Televes/ShiftMate/artisan(16): Illuminate\\Foundation\\Application->handleCommand()
#35 {main}
"} 
[2026-10-06 01:11:19] local.ERROR: Database file at path [/home/darkglitch/Documents/Televes/ShiftMate/database/database.sqlite] does not exist. Ensure this is an absolute path to the database. (Connection: sqlite, Database: /home/darkglitch/Documents/Televes/ShiftMate/database/database.sqlite, SQL: select * from "cache" where "key" in (laravel-cache-illuminate:queues:paused)) {"exception":"[object] (Illuminate\\Database\\QueryException(code: 0): Database file at path [/home/darkglitch/Documents/Televes/ShiftMate/database/database.sqlite] does not exist. Ensure this is an absolute path to the database. (Connection: sqlite, Database: /home/darkglitch/Documents/Televes/ShiftMate/database/database.sqlite, SQL: select * from \"cache\" where \"key\" in (laravel-cache-illuminate:queues:paused)) at /home/darkglitch/Documents/Televes/ShiftMate/vendor/laravel/framework/src/Illuminate/Database/Connection.php:857)
[stacktrace]
#0 /home/darkglitch/Documents/Televes/ShiftMate/vendor/laravel/framework/src/Illuminate/Database/Connection.php(813): Illuminate\\Database\\Connection->runQueryCallback()
#1 /home/darkglitch/Documents/Televes/ShiftMate/vendor/laravel/framework/src/Illuminate/Database/Connection.php(426): Illuminate\\Database\\Connection->run()
#2 /home/darkglitch/Documents/Televes/ShiftMate/vendor/laravel/framework/src/Illuminate/Database/Query/Builder.php(3636): Illuminate\\Database\\Connection->select()
#3 /home/darkglitch/Documents/Televes/ShiftMate/vendor/laravel/framework/src/Illuminate/Database/Query/Builder.php(3620): Illuminate\\Database\\Query\\Builder->runSelect()
#4 /home/darkglitch/Documents/Televes/ShiftMate/vendor/laravel/framework/src/Illuminate/Cache/DatabaseStore.php(142): Illuminate\\Database\\Query\\Builder->get()
#5 /home/darkglitch/Documents/Televes/ShiftMate/vendor/laravel/framework/src/Illuminate/Cache/DatabaseStore.php(117): Illuminate\\Cache\\DatabaseStore->many()
#6 /home/darkglitch/Documents/Televes/ShiftMate/vendor/laravel/framework/src/Illuminate/Cache/Repository.php(138): Illuminate\\Cache\\DatabaseStore->get()
#7 /home/darkglitch/Documents/Televes/ShiftMate/vendor/laravel/framework/src/Illuminate/Queue/QueueManager.php(359): Illuminate\\Cache\\Repository->get()
#8 /home/darkglitch/Documents/Televes/ShiftMate/vendor/laravel/framework/src/Illuminate/Queue/Worker.php(537): Illuminate\\Queue\\QueueManager->getPausedQueues()
#9 /home/darkglitch/Documents/Televes/ShiftMate/vendor/laravel/framework/src/Illuminate/Queue/Worker.php(494): Illuminate\\Queue\\Worker->getPausedQueues()
#10 /home/darkglitch/Documents/Televes/ShiftMate/vendor/laravel/framework/src/Illuminate/Queue/Worker.php(454): Illuminate\\Queue\\Worker->getNextJob()
#11 /home/darkglitch/Documents/Televes/ShiftMate/vendor/laravel/framework/src/Illuminate/Queue/Console/WorkCommand.php(152): Illuminate\\Queue\\Worker->runNextJob()
#12 /home/darkglitch/Documents/Televes/ShiftMate/vendor/laravel/framework/src/Illuminate/Queue/Console/WorkCommand.php(135): Illuminate\\Queue\\Console\\WorkCommand->runWorker()
#13 /home/darkglitch/Documents/Televes/ShiftMate/vendor/laravel/framework/src/Illuminate/Container/BoundMethod.php(36): Illuminate\\Queue\\Console\\WorkCommand->handle()
#14 /home/darkglitch/Documents/Televes/ShiftMate/vendor/laravel/framework/src/Illuminate/Container/Util.php(43): Illuminate\\Container\\BoundMethod::{closure:Illuminate\\Container\\BoundMethod::call():35}()
#15 /home/darkglitch/Documents/Televes/ShiftMate/vendor/laravel/framework/src/Illuminate/Container/BoundMethod.php(96): Illuminate\\Container\\Util::unwrapIfClosure()
#16 /home/darkglitch/Documents/Televes/ShiftMate/vendor/laravel/framework/src/Illuminate/Container/BoundMethod.php(35): Illuminate\\Container\\BoundMethod::callBoundMethod()
#17 /home/darkglitch/Documents/Televes/ShiftMate/vendor/laravel/framework/src/Illuminate/Container/Container.php(803): Illuminate\\Container\\BoundMethod::call()
#18 /home/darkglitch/Documents/Televes/ShiftMate/vendor/laravel/framework/src/Illuminate/Console/Command.php(292): Illuminate\\Container\\Container->call()
#19 /home/darkglitch/Documents/Televes/ShiftMate/vendor/symfony/console/Command/Command.php(285): Illuminate\\Console\\Command->execute()
#20 /home/darkglitch/Documents/Televes/ShiftMate/vendor/laravel/framework/src/Illuminate/Console/Command.php(261): Symfony\\Component\\Console\\Command\\Command->run()
#21 /home/darkglitch/Documents/Televes/ShiftMate/vendor/symfony/console/Application.php(1144): Illuminate\\Console\\Command->run()
#22 /home/darkglitch/Documents/Televes/ShiftMate/vendor/symfony/console/Application.php(379): Symfony\\Component\\Console\\Application->doRunCommand()
#23 /home/darkglitch/Documents/Televes/ShiftMate/vendor/symfony/console/Application.php(218): Symfony\\Component\\Console\\Application->doRun()
#24 /home/darkglitch/Documents/Televes/ShiftMate/vendor/laravel/framework/src/Illuminate/Foundation/Console/Kernel.php(198): Symfony\\Component\\Console\\Application->run()
#25 /home/darkglitch/Documents/Televes/ShiftMate/vendor/laravel/framework/src/Illuminate/Foundation/Application.php(1243): Illuminate\\Foundation\\Console\\Kernel->handle()
#26 /home/darkglitch/Documents/Televes/ShiftMate/artisan(16): Illuminate\\Foundation\\Application->handleCommand()
#27 {main}

[previous exception] [object] (Illuminate\\Database\\SQLiteDatabaseDoesNotExistException(code: 0): Database file at path [/home/darkglitch/Documents/Televes/ShiftMate/database/database.sqlite] does not exist. Ensure this is an absolute path to the database. at /home/darkglitch/Documents/Televes/ShiftMate/vendor/laravel/framework/src/Illuminate/Database/Connectors/SQLiteConnector.php:61)
[stacktrace]
#0 /home/darkglitch/Documents/Televes/ShiftMate/vendor/laravel/framework/src/Illuminate/Database/Connectors/SQLiteConnector.php(19): Illuminate\\Database\\Connectors\\SQLiteConnector->parseDatabasePath()
#1 /home/darkglitch/Documents/Televes/ShiftMate/vendor/laravel/framework/src/Illuminate/Database/Connectors/ConnectionFactory.php(259): Illuminate\\Database\\Connectors\\SQLiteConnector->connect()
#2 [internal function]: Illuminate\\Database\\Connectors\\ConnectionFactory->{closure:Illuminate\\Database\\Connectors\\ConnectionFactory::createPdoResolverWithoutHosts():259}()
#3 /home/darkglitch/Documents/Televes/ShiftMate/vendor/laravel/framework/src/Illuminate/Database/Connection.php(1298): call_user_func()
#4 /home/darkglitch/Documents/Televes/ShiftMate/vendor/laravel/framework/src/Illuminate/Database/Connection.php(1336): Illuminate\\Database\\Connection->getPdo()
#5 /home/darkglitch/Documents/Televes/ShiftMate/vendor/laravel/framework/src/Illuminate/Database/Connection.php(542): Illuminate\\Database\\Connection->getReadPdo()
#6 /home/darkglitch/Documents/Televes/ShiftMate/vendor/laravel/framework/src/Illuminate/Database/Connection.php(435): Illuminate\\Database\\Connection->getPdoForSelect()
#7 /home/darkglitch/Documents/Televes/ShiftMate/vendor/laravel/framework/src/Illuminate/Database/Connection.php(846): Illuminate\\Database\\Connection->{closure:Illuminate\\Database\\Connection::select():426}()
#8 /home/darkglitch/Documents/Televes/ShiftMate/vendor/laravel/framework/src/Illuminate/Database/Connection.php(813): Illuminate\\Database\\Connection->runQueryCallback()
#9 /home/darkglitch/Documents/Televes/ShiftMate/vendor/laravel/framework/src/Illuminate/Database/Connection.php(426): Illuminate\\Database\\Connection->run()
#10 /home/darkglitch/Documents/Televes/ShiftMate/vendor/laravel/framework/src/Illuminate/Database/Query/Builder.php(3636): Illuminate\\Database\\Connection->select()
#11 /home/darkglitch/Documents/Televes/ShiftMate/vendor/laravel/framework/src/Illuminate/Database/Query/Builder.php(3620): Illuminate\\Database\\Query\\Builder->runSelect()
#12 /home/darkglitch/Documents/Televes/ShiftMate/vendor/laravel/framework/src/Illuminate/Cache/DatabaseStore.php(142): Illuminate\\Database\\Query\\Builder->get()
#13 /home/darkglitch/Documents/Televes/ShiftMate/vendor/laravel/framework/src/Illuminate/Cache/DatabaseStore.php(117): Illuminate\\Cache\\DatabaseStore->many()
#14 /home/darkglitch/Documents/Televes/ShiftMate/vendor/laravel/framework/src/Illuminate/Cache/Repository.php(138): Illuminate\\Cache\\DatabaseStore->get()
#15 /home/darkglitch/Documents/Televes/ShiftMate/vendor/laravel/framework/src/Illuminate/Queue/QueueManager.php(359): Illuminate\\Cache\\Repository->get()
#16 /home/darkglitch/Documents/Televes/ShiftMate/vendor/laravel/framework/src/Illuminate/Queue/Worker.php(537): Illuminate\\Queue\\QueueManager->getPausedQueues()
#17 /home/darkglitch/Documents/Televes/ShiftMate/vendor/laravel/framework/src/Illuminate/Queue/Worker.php(494): Illuminate\\Queue\\Worker->getPausedQueues()
#18 /home/darkglitch/Documents/Televes/ShiftMate/vendor/laravel/framework/src/Illuminate/Queue/Worker.php(454): Illuminate\\Queue\\Worker->getNextJob()
#19 /home/darkglitch/Documents/Televes/ShiftMate/vendor/laravel/framework/src/Illuminate/Queue/Console/WorkCommand.php(152): Illuminate\\Queue\\Worker->runNextJob()
#20 /home/darkglitch/Documents/Televes/ShiftMate/vendor/laravel/framework/src/Illuminate/Queue/Console/WorkCommand.php(135): Illuminate\\Queue\\Console\\WorkCommand->runWorker()
#21 /home/darkglitch/Documents/Televes/ShiftMate/vendor/laravel/framework/src/Illuminate/Container/BoundMethod.php(36): Illuminate\\Queue\\Console\\WorkCommand->handle()
#22 /home/darkglitch/Documents/Televes/ShiftMate/vendor/laravel/framework/src/Illuminate/Container/Util.php(43): Illuminate\\Container\\BoundMethod::{closure:Illuminate\\Container\\BoundMethod::call():35}()
#23 /home/darkglitch/Documents/Televes/ShiftMate/vendor/laravel/framework/src/Illuminate/Container/BoundMethod.php(96): Illuminate\\Container\\Util::unwrapIfClosure()
#24 /home/darkglitch/Documents/Televes/ShiftMate/vendor/laravel/framework/src/Illuminate/Container/BoundMethod.php(35): Illuminate\\Container\\BoundMethod::callBoundMethod()
#25 /home/darkglitch/Documents/Televes/ShiftMate/vendor/laravel/framework/src/Illuminate/Container/Container.php(803): Illuminate\\Container\\BoundMethod::call()
#26 /home/darkglitch/Documents/Televes/ShiftMate/vendor/laravel/framework/src/Illuminate/Console/Command.php(292): Illuminate\\Container\\Container->call()
#27 /home/darkglitch/Documents/Televes/ShiftMate/vendor/symfony/console/Command/Command.php(285): Illuminate\\Console\\Command->execute()
#28 /home/darkglitch/Documents/Televes/ShiftMate/vendor/laravel/framework/src/Illuminate/Console/Command.php(261): Symfony\\Component\\Console\\Command\\Command->run()
#29 /home/darkglitch/Documents/Televes/ShiftMate/vendor/symfony/console/Application.php(1144): Illuminate\\Console\\Command->run()
#30 /home/darkglitch/Documents/Televes/ShiftMate/vendor/symfony/console/Application.php(379): Symfony\\Component\\Console\\Application->doRunCommand()
#31 /home/darkglitch/Documents/Televes/ShiftMate/vendor/symfony/console/Application.php(218): Symfony\\Component\\Console\\Application->doRun()
#32 /home/darkglitch/Documents/Televes/ShiftMate/vendor/laravel/framework/src/Illuminate/Foundation/Console/Kernel.php(198): Symfony\\Component\\Console\\Application->run()
#33 /home/darkglitch/Documents/Televes/ShiftMate/vendor/laravel/framework/src/Illuminate/Foundation/Application.php(1243): Illuminate\\Foundation\\Console\\Kernel->handle()
#34 /home/darkglitch/Documents/Televes/ShiftMate/artisan(16): Illuminate\\Foundation\\Application->handleCommand()
#35 {main}
"} 
